
Note: No compatibility mode selected!


Circuit: * prob 2: opposing

Doing analysis at TEMP = 27.000000 and TNOM = 27.000000

Using SPARSE 1.3 as Direct Linear Solver
Warning: can't parse '2': ignored
Warning: can't parse 'v_sense_i1#branch': ignored
Warning: can't parse 'v_sense_i2#branch': ignored

No. of Data Rows : 1
	Node                                  Voltage
	----                                  -------
	----	-------
	V(3)                             6.700000e+01
	V(2_sense)                       6.700000e+01
	V(2)                             2.859574e+01
	V(1_sense)                       2.859574e+01
	V(1)                             2.700000e+01

	Source	Current
	------	-------

	v1#branch                        5.319149e-01
	v_sense_i1#branch                -5.31915e-01
	v_sense_i2#branch                -7.68085e+00
	v2#branch                        -7.68085e+00

 Resistor models (Simple linear resistor)
      model                     R

        rsh                     0
     narrow                     0
      short                     0
        tc1                     0
        tc2                     0
        tce                     0
       defw                 1e-05
          l                 1e-05
         kf                     0
         af                     0
          r                     0
     bv_max                 1e+99
         lf                     1
         wf                     1
         ef                     1

 Resistor: Simple linear resistor
     device                    r2               r_share                    r1
      model                     R                     R                     R
 resistance                     5                     4                     3
         ac                     5                     4                     3
      dtemp                     0                     0                     0
     bv_max                 1e+99                 1e+99                 1e+99
      noisy                     1                     1                     1
          i              -7.68085               7.14894             -0.531915
          p               294.977               204.429                0.8488

 Vsource: Independent voltage source
     device                    v2            v_sense_i2            v_sense_i1
         dc                    67                     0                     0
      acmag                     0                     0                     0
      pulse         -         -         -
        sin         -         -         -
        exp         -         -         -
        pwl         -         -         -
       sffm         -         -         -
         am         -         -         -
    trnoise         -         -         -
   trrandom         -         -         -
    portnum                     0                     0                     0
         z0                     0                     0                     0
        pwr                     0                     0                     0
       freq                     0                     0                     0
      phase                     0                     0                     0
          i              -7.68085              -7.68085             -0.531915
          p              -514.617                    -0                    -0

 Vsource: Independent voltage source
     device                    v1
         dc                    27
      acmag                     0
      pulse         -
        sin         -
        exp         -
        pwl         -
       sffm         -
         am         -
    trnoise         -
   trrandom         -
    portnum                     0
         z0                     0
        pwr                     0
       freq                     0
      phase                     0
          i              0.531915
          p               14.3617

                               * prob 2: opposing
                               Operating Point  Tue Dec  9 23:48:19  2025
--------------------------------------------------------------------------------
Index   v(2)            v_sense_i1#bran v_sense_i2#bran 
--------------------------------------------------------------------------------
0	2.859574e+01	-5.31915e-01	-7.68085e+00	


Total analysis time (seconds) = 0.000521

Total elapsed time (seconds) = 0.004 

Total DRAM available = 32768.000 MB.
DRAM currently available =  255.641 MB.
Maximum ngspice program size =    6.969 MB.
Current ngspice program size =    6.969 MB.

