
Note: No compatibility mode selected!


Circuit: * prob 5: dependent

Doing analysis at TEMP = 27.000000 and TNOM = 27.000000

Using SPARSE 1.3 as Direct Linear Solver
Warning: can't parse '2': ignored
Warning: can't parse 'v_sense_i1#branch': ignored
Warning: can't parse 'v_sense_i2#branch': ignored

No. of Data Rows : 1
	Node                                  Voltage
	----                                  -------
	----	-------
	V(3_sense)                       0.000000e+00
	V(3)                             8.040665e+00
	V(2)                             1.608133e+00
	V(1_sense)                       1.608133e+00
	V(1)                             6.000000e+00

	Source	Current
	------	-------

	v1#branch                        -1.99630e-01
	v_sense_i1#branch                1.996303e-01
	v_sense_i2#branch                9.242144e-02
	e_dep#branch                     -9.24214e-02

 Resistor models (Simple linear resistor)
      model                     R

        rsh                     0
     narrow                     0
      short                     0
        tc1                     0
        tc2                     0
        tce                     0
       defw                 1e-05
          l                 1e-05
         kf                     0
         af                     0
          r                     0
     bv_max                 1e+99
         lf                     1
         wf                     1
         ef                     1

 Resistor: Simple linear resistor
     device                    r2               r_share                    r1
      model                     R                     R                     R
 resistance                    87                    15                    22
         ac                    87                    15                    22
      dtemp                     0                     0                     0
     bv_max                 1e+99                 1e+99                 1e+99
      noisy                     1                     1                     1
          i             0.0924214              0.107209               0.19963
          p               0.74313              0.172406               0.87675

 VCVS: Voltage controlled voltage source
     device                 e_dep
          i            -0.0924214
          v               6.43253
          p             -0.594504

 Vsource: Independent voltage source
     device            v_sense_i2            v_sense_i1                    v1
         dc                     0                     0                     6
      acmag                     0                     0                     0
      pulse         -         -         -
        sin         -         -         -
        exp         -         -         -
        pwl         -         -         -
       sffm         -         -         -
         am         -         -         -
    trnoise         -         -         -
   trrandom         -         -         -
    portnum                     0                     0                     0
         z0                     0                     0                     0
        pwr                     0                     0                     0
       freq                     0                     0                     0
      phase                     0                     0                     0
          i             0.0924214               0.19963              -0.19963
          p                     0                     0              -1.19778

                              * prob 5: dependent
                              Operating Point  Tue Dec  9 23:48:19  2025
--------------------------------------------------------------------------------
Index   v(2)            v_sense_i1#bran v_sense_i2#bran 
--------------------------------------------------------------------------------
0	1.608133e+00	1.996303e-01	9.242144e-02	


Total analysis time (seconds) = 0.000363

Total elapsed time (seconds) = 0.004 

Total DRAM available = 32768.000 MB.
DRAM currently available =  255.641 MB.
Maximum ngspice program size =    6.828 MB.
Current ngspice program size =    6.828 MB.

