
Note: No compatibility mode selected!


Circuit: * prob 4: ladder

Doing analysis at TEMP = 27.000000 and TNOM = 27.000000

Using SPARSE 1.3 as Direct Linear Solver
Warning: can't parse '2': ignored
Warning: can't parse '3': ignored
Warning: can't parse '4': ignored
Warning: can't parse 'v_sense_i1#branch': ignored
Warning: can't parse 'v_sense_i2#branch': ignored
Warning: can't parse 'v_sense_i3#branch': ignored

No. of Data Rows : 1
	Node                                  Voltage
	----                                  -------
	----	-------
	V(4)                             2.362970e+00
	V(3_sense)                       2.362970e+00
	V(3)                             7.193527e+00
	V(2_sense)                       7.193527e+00
	V(2)                             2.332890e+01
	V(1_sense)                       2.332890e+01
	V(1)                             5.500000e+01

	Source	Current
	------	-------

	v1#branch                        -1.60117e-02
	v_sense_i1#branch                1.601168e-02
	v_sense_i2#branch                5.531494e-03
	v_sense_i3#branch                1.394905e-03

 Resistor models (Simple linear resistor)
      model                     R

        rsh                     0
     narrow                     0
      short                     0
        tc1                     0
        tc2                     0
        tce                     0
       defw                 1e-05
          l                 1e-05
         kf                     0
         af                     0
          r                     0
     bv_max                 1e+99
         lf                     1
         wf                     1
         ef                     1

 Resistor: Simple linear resistor
     device                    r6                    r5                    r4
      model                     R                     R                     R
 resistance                  1694                  3463                  1739
         ac                  1694                  3463                  1739
      dtemp                     0                     0                     0
     bv_max                 1e+99                 1e+99                 1e+99
      noisy                     1                     1                     1
          i            0.00139491            0.00139491            0.00413659
          p            0.00329612            0.00673817             0.0297567

 Resistor: Simple linear resistor
     device                    r3                    r2                    r1
      model                     R                     R                     R
 resistance                  2917                  2226                  1978
         ac                  2917                  2226                  1978
      dtemp                     0                     0                     0
     bv_max                 1e+99                 1e+99                 1e+99
      noisy                     1                     1                     1
          i            0.00553149             0.0104802             0.0160117
          p             0.0892527              0.244491              0.507108

 Vsource: Independent voltage source
     device            v_sense_i3            v_sense_i2            v_sense_i1
         dc                     0                     0                     0
      acmag                     0                     0                     0
      pulse         -         -         -
        sin         -         -         -
        exp         -         -         -
        pwl         -         -         -
       sffm         -         -         -
         am         -         -         -
    trnoise         -         -         -
   trrandom         -         -         -
    portnum                     0                     0                     0
         z0                     0                     0                     0
        pwr                     0                     0                     0
       freq                     0                     0                     0
      phase                     0                     0                     0
          i            0.00139491            0.00553149             0.0160117
          p                     0                     0                     0

 Vsource: Independent voltage source
     device                    v1
         dc                    55
      acmag                     0
      pulse         -
        sin         -
        exp         -
        pwl         -
       sffm         -
         am         -
    trnoise         -
   trrandom         -
    portnum                     0
         z0                     0
        pwr                     0
       freq                     0
      phase                     0
          i            -0.0160117
          p             -0.880642

                                * prob 4: ladder
                                Operating Point  Tue Dec  9 23:48:19  2025
--------------------------------------------------------------------------------
Index   v(2)            v(3)            v(4)            v_sense_i1#bran 
--------------------------------------------------------------------------------
0	2.332890e+01	7.193527e+00	2.362970e+00	1.601168e-02	

                                * prob 4: ladder
                                Operating Point  Tue Dec  9 23:48:19  2025
--------------------------------------------------------------------------------
Index   v_sense_i2#bran v_sense_i3#bran 
--------------------------------------------------------------------------------
0	5.531494e-03	1.394905e-03	


Total analysis time (seconds) = 0.000395

Total elapsed time (seconds) = 0.004 

Total DRAM available = 32768.000 MB.
DRAM currently available =  255.641 MB.
Maximum ngspice program size =    6.969 MB.
Current ngspice program size =    6.969 MB.

