
Note: No compatibility mode selected!


Circuit: * prob 3: bridge

Doing analysis at TEMP = 27.000000 and TNOM = 27.000000

Using SPARSE 1.3 as Direct Linear Solver
Warning: can't parse '2': ignored
Warning: can't parse '3': ignored
Warning: can't parse 'v_sense_i1#branch': ignored

No. of Data Rows : 1
	Node                                  Voltage
	----                                  -------
	----	-------
	V(3)                             2.316051e+01
	V(2)                             1.007899e+01
	V(1)                             2.600000e+01
	V(1_src)                         2.600000e+01

	Source	Current
	------	-------

	v_src#branch                     -1.81913e-01
	v_sense_i1#branch                1.819132e-01

 Resistor models (Simple linear resistor)
      model                     R

        rsh                     0
     narrow                     0
      short                     0
        tc1                     0
        tc2                     0
        tce                     0
       defw                 1e-05
          l                 1e-05
         kf                     0
         af                     0
          r                     0
     bv_max                 1e+99
         lf                     1
         wf                     1
         ef                     1

 Resistor: Simple linear resistor
     device                  r_br                  r_rb                  r_rt
      model                     R                     R                     R
 resistance                   299                  1197                    45
         ac                   299                  1197                    45
      dtemp                     0                     0                     0
     bv_max                 1e+99                 1e+99                 1e+99
      noisy                     1                     1                     1
          i            -0.0437509             0.0193488             0.0630997
          p              0.572328              0.448128              0.179171

 Resistor: Simple linear resistor
     device                  r_lb                  r_lt
      model                     R                     R
 resistance                    62                   134
         ac                    62                   134
      dtemp                     0                     0
     bv_max                 1e+99                 1e+99
      noisy                     1                     1
          i              0.162564              0.118813
          p               1.63849               1.89163

 Vsource: Independent voltage source
     device            v_sense_i1                 v_src
         dc                     0                    26
      acmag                     0                     0
      pulse         -         -
        sin         -         -
        exp         -         -
        pwl         -         -
       sffm         -         -
         am         -         -
    trnoise         -         -
   trrandom         -         -
    portnum                     0                     0
         z0                     0                     0
        pwr                     0                     0
       freq                     0                     0
      phase                     0                     0
          i              0.181913             -0.181913
          p                     0              -4.72974

                                * prob 3: bridge
                                Operating Point  Tue Dec  9 23:48:19  2025
--------------------------------------------------------------------------------
Index   v(2)            v(3)            v_sense_i1#bran 
--------------------------------------------------------------------------------
0	1.007899e+01	2.316051e+01	1.819132e-01	


Total analysis time (seconds) = 0.00036

Total elapsed time (seconds) = 0.004 

Total DRAM available = 32768.000 MB.
DRAM currently available =  255.641 MB.
Maximum ngspice program size =    6.969 MB.
Current ngspice program size =    6.969 MB.

