
Note: No compatibility mode selected!


Circuit: * prob 3: bridge

Doing analysis at TEMP = 27.000000 and TNOM = 27.000000

Using SPARSE 1.3 as Direct Linear Solver
Warning: can't parse '2': ignored
Warning: can't parse '3': ignored
Warning: can't parse 'v_sense_i1#branch': ignored

No. of Data Rows : 1
	Node                                  Voltage
	----                                  -------
	----	-------
	V(3)                             1.931034e+02
	V(2)                             1.765517e+02
	V(1)                             2.400000e+02
	V(1_src)                         2.400000e+02

	Source	Current
	------	-------

	v_src#branch                     -1.36092e+00
	v_sense_i1#branch                1.360920e+00

 Resistor models (Simple linear resistor)
      model                     R

        rsh                     0
     narrow                     0
      short                     0
        tc1                     0
        tc2                     0
        tce                     0
       defw                 1e-05
          l                 1e-05
         kf                     0
         af                     0
          r                     0
     bv_max                 1e+99
         lf                     1
         wf                     1
         ef                     1

 Resistor: Simple linear resistor
     device                  r_br                  r_rb                  r_rt
      model                     R                     R                     R
 resistance                   100                   250                    50
         ac                   100                   250                    50
      dtemp                     0                     0                     0
     bv_max                 1e+99                 1e+99                 1e+99
      noisy                     1                     1                     1
          i             -0.165517              0.772414              0.937931
          p                2.7396               149.156               43.9857

 Resistor: Simple linear resistor
     device                  r_lb                  r_lt
      model                     R                     R
 resistance                   300                   150
         ac                   300                   150
      dtemp                     0                     0
     bv_max                 1e+99                 1e+99
      noisy                     1                     1
          i              0.588506              0.422989
          p               103.902               26.8379

 Vsource: Independent voltage source
     device            v_sense_i1                 v_src
         dc                     0                   240
      acmag                     0                     0
      pulse         -         -
        sin         -         -
        exp         -         -
        pwl         -         -
       sffm         -         -
         am         -         -
    trnoise         -         -
   trrandom         -         -
    portnum                     0                     0
         z0                     0                     0
        pwr                     0                     0
       freq                     0                     0
      phase                     0                     0
          i               1.36092              -1.36092
          p                     0              -326.621

                                * prob 3: bridge
                                Operating Point  Tue Dec  9 23:48:19  2025
--------------------------------------------------------------------------------
Index   v(2)            v(3)            v_sense_i1#bran 
--------------------------------------------------------------------------------
0	1.765517e+02	1.931034e+02	1.360920e+00	


Total analysis time (seconds) = 0.000352

Total elapsed time (seconds) = 0.004 

Total DRAM available = 32768.000 MB.
DRAM currently available =  255.641 MB.
Maximum ngspice program size =    7.203 MB.
Current ngspice program size =    7.203 MB.

