
Note: No compatibility mode selected!


Circuit: * prob 1: supermesh

Doing analysis at TEMP = 27.000000 and TNOM = 27.000000

Using SPARSE 1.3 as Direct Linear Solver
Warning: can't parse '2': ignored
Warning: can't parse '3': ignored
Warning: can't parse 'v_sense_i1#branch': ignored
Warning: can't parse 'v_sense_i2#branch': ignored
Warning: can't parse 'v_sense_i3#branch': ignored

No. of Data Rows : 1
	Node                                  Voltage
	----                                  -------
	----	-------
	V(4)                             2.500000e+01
	V(3_sense)                       2.500000e+01
	V(3)                             2.670588e+01
	V(2_sense)                       2.670588e+01
	V(2)                             5.676471e+01
	V(1_sense)                       5.676471e+01
	V(1)                             6.000000e+01

	Source	Current
	------	-------

	v1#branch                        -6.47059e-01
	v_sense_i2#branch                2.147059e+00
	v_sense_i3#branch                8.529412e-01
	v2#branch                        8.529412e-01
	v_sense_i1#branch                6.470588e-01

 Resistor models (Simple linear resistor)
      model                     R

        rsh                     0
     narrow                     0
      short                     0
        tc1                     0
        tc2                     0
        tce                     0
       defw                 1e-05
          l                 1e-05
         kf                     0
         af                     0
          r                     0
     bv_max                 1e+99
         lf                     1
         wf                     1
         ef                     1

 CCCS: Current controlled current source
     device                 f_dep
          m                     0
          i               1.29412
          v               26.7059
          p               34.5606

 Isource: Independent current source
     device              i_source
         dc                   1.5
          m                     1
      acmag                     0
      pulse         -
        sin         -
        exp         -
        pwl         -
       sffm         -
         am         -
    trnoise         -
   trrandom         -
          v               56.7647
          p              -85.1471
    current                   1.5

 Resistor: Simple linear resistor
     device                    r3                    r2                    r1
      model                     R                     R                     R
 resistance                     2                    14                     5
         ac                     2                    14                     5
      dtemp                     0                     0                     0
     bv_max                 1e+99                 1e+99                 1e+99
      noisy                     1                     1                     1
          i              0.852941               2.14706              0.647059
          p               1.45502               64.5381               2.09343

 Vsource: Independent voltage source
     device                    v2            v_sense_i3            v_sense_i2
         dc                    25                     0                     0
      acmag                     0                     0                     0
      pulse         -         -         -
        sin         -         -         -
        exp         -         -         -
        pwl         -         -         -
       sffm         -         -         -
         am         -         -         -
    trnoise         -         -         -
   trrandom         -         -         -
    portnum                     0                     0                     0
         z0                     0                     0                     0
        pwr                     0                     0                     0
       freq                     0                     0                     0
      phase                     0                     0                     0
          i              0.852941              0.852941               2.14706
          p               21.3235                     0                     0

 Vsource: Independent voltage source
     device            v_sense_i1                    v1
         dc                     0                    60
      acmag                     0                     0
      pulse         -         -
        sin         -         -
        exp         -         -
        pwl         -         -
       sffm         -         -
         am         -         -
    trnoise         -         -
   trrandom         -         -
    portnum                     0                     0
         z0                     0                     0
        pwr                     0                     0
       freq                     0                     0
      phase                     0                     0
          i              0.647059             -0.647059
          p                     0              -38.8235

                              * prob 1: supermesh
                              Operating Point  Tue Dec  9 23:48:19  2025
--------------------------------------------------------------------------------
Index   v(2)            v(3)            v_sense_i1#bran v_sense_i2#bran 
--------------------------------------------------------------------------------
0	5.676471e+01	2.670588e+01	6.470588e-01	2.147059e+00	

                              * prob 1: supermesh
                              Operating Point  Tue Dec  9 23:48:19  2025
--------------------------------------------------------------------------------
Index   v_sense_i3#bran 
--------------------------------------------------------------------------------
0	8.529412e-01	


Total analysis time (seconds) = 0.000596

Total elapsed time (seconds) = 0.015 

Total DRAM available = 32768.000 MB.
DRAM currently available =  255.641 MB.
Maximum ngspice program size =    6.703 MB.
Current ngspice program size =    6.703 MB.

