
Note: No compatibility mode selected!


Circuit: * prob 2: opposing

Doing analysis at TEMP = 27.000000 and TNOM = 27.000000

Using SPARSE 1.3 as Direct Linear Solver
Warning: can't parse '2': ignored
Warning: can't parse 'v_sense_i1#branch': ignored
Warning: can't parse 'v_sense_i2#branch': ignored

No. of Data Rows : 1
	Node                                  Voltage
	----                                  -------
	----	-------
	V(3)                             4.500000e+01
	V(2_sense)                       4.500000e+01
	V(2)                             2.283333e+01
	V(1_sense)                       2.283333e+01
	V(1)                             2.400000e+01

	Source	Current
	------	-------

	v1#branch                        -1.66667e-01
	v_sense_i1#branch                1.666667e-01
	v_sense_i2#branch                -5.54167e+00
	v2#branch                        -5.54167e+00

 Resistor models (Simple linear resistor)
      model                     R

        rsh                     0
     narrow                     0
      short                     0
        tc1                     0
        tc2                     0
        tce                     0
       defw                 1e-05
          l                 1e-05
         kf                     0
         af                     0
          r                     0
     bv_max                 1e+99
         lf                     1
         wf                     1
         ef                     1

 Resistor: Simple linear resistor
     device                    r2               r_share                    r1
      model                     R                     R                     R
 resistance                     4                     4                     7
         ac                     4                     4                     7
      dtemp                     0                     0                     0
     bv_max                 1e+99                 1e+99                 1e+99
      noisy                     1                     1                     1
          i              -5.54167               5.70833              0.166667
          p                122.84                130.34              0.194444

 Vsource: Independent voltage source
     device                    v2            v_sense_i2            v_sense_i1
         dc                    45                     0                     0
      acmag                     0                     0                     0
      pulse         -         -         -
        sin         -         -         -
        exp         -         -         -
        pwl         -         -         -
       sffm         -         -         -
         am         -         -         -
    trnoise         -         -         -
   trrandom         -         -         -
    portnum                     0                     0                     0
         z0                     0                     0                     0
        pwr                     0                     0                     0
       freq                     0                     0                     0
      phase                     0                     0                     0
          i              -5.54167              -5.54167              0.166667
          p              -249.375                    -0                     0

 Vsource: Independent voltage source
     device                    v1
         dc                    24
      acmag                     0
      pulse         -
        sin         -
        exp         -
        pwl         -
       sffm         -
         am         -
    trnoise         -
   trrandom         -
    portnum                     0
         z0                     0
        pwr                     0
       freq                     0
      phase                     0
          i             -0.166667
          p                    -4

                               * prob 2: opposing
                               Operating Point  Tue Dec  9 23:48:19  2025
--------------------------------------------------------------------------------
Index   v(2)            v_sense_i1#bran v_sense_i2#bran 
--------------------------------------------------------------------------------
0	2.283333e+01	1.666667e-01	-5.54167e+00	


Total analysis time (seconds) = 0.000341

Total elapsed time (seconds) = 0.004 

Total DRAM available = 32768.000 MB.
DRAM currently available =  255.641 MB.
Maximum ngspice program size =    6.812 MB.
Current ngspice program size =    6.812 MB.

