
Note: No compatibility mode selected!


Circuit: * prob 4: ladder

Doing analysis at TEMP = 27.000000 and TNOM = 27.000000

Using SPARSE 1.3 as Direct Linear Solver
Warning: can't parse '2': ignored
Warning: can't parse '3': ignored
Warning: can't parse '4': ignored
Warning: can't parse 'v_sense_i1#branch': ignored
Warning: can't parse 'v_sense_i2#branch': ignored
Warning: can't parse 'v_sense_i3#branch': ignored

No. of Data Rows : 1
	Node                                  Voltage
	----                                  -------
	----	-------
	V(4)                             7.589264e-01
	V(3_sense)                       7.589264e-01
	V(3)                             2.886731e+01
	V(2_sense)                       2.886731e+01
	V(2)                             5.862244e+01
	V(1_sense)                       5.862244e+01
	V(1)                             1.470000e+02

	Source	Current
	------	-------

	v1#branch                        -8.83776e-02
	v_sense_i1#branch                8.837756e-02
	v_sense_i2#branch                2.975512e-02
	v_sense_i3#branch                2.810839e-02

 Resistor models (Simple linear resistor)
      model                     R

        rsh                     0
     narrow                     0
      short                     0
        tc1                     0
        tc2                     0
        tce                     0
       defw                 1e-05
          l                 1e-05
         kf                     0
         af                     0
          r                     0
     bv_max                 1e+99
         lf                     1
         wf                     1
         ef                     1

 Resistor: Simple linear resistor
     device                    r6                    r5                    r4
      model                     R                     R                     R
 resistance                    27                  1000                 17530
         ac                    27                  1000                 17530
      dtemp                     0                     0                     0
     bv_max                 1e+99                 1e+99                 1e+99
      noisy                     1                     1                     1
          i             0.0281084             0.0281084            0.00164674
          p             0.0213322              0.790081             0.0475369

 Resistor: Simple linear resistor
     device                    r3                    r2                    r1
      model                     R                     R                     R
 resistance                  1000                  1000                  1000
         ac                  1000                  1000                  1000
      dtemp                     0                     0                     0
     bv_max                 1e+99                 1e+99                 1e+99
      noisy                     1                     1                     1
          i             0.0297551             0.0586224             0.0883776
          p              0.885367               3.43659               7.81059

 Vsource: Independent voltage source
     device            v_sense_i3            v_sense_i2            v_sense_i1
         dc                     0                     0                     0
      acmag                     0                     0                     0
      pulse         -         -         -
        sin         -         -         -
        exp         -         -         -
        pwl         -         -         -
       sffm         -         -         -
         am         -         -         -
    trnoise         -         -         -
   trrandom         -         -         -
    portnum                     0                     0                     0
         z0                     0                     0                     0
        pwr                     0                     0                     0
       freq                     0                     0                     0
      phase                     0                     0                     0
          i             0.0281084             0.0297551             0.0883776
          p                     0                     0                     0

 Vsource: Independent voltage source
     device                    v1
         dc                   147
      acmag                     0
      pulse         -
        sin         -
        exp         -
        pwl         -
       sffm         -
         am         -
    trnoise         -
   trrandom         -
    portnum                     0
         z0                     0
        pwr                     0
       freq                     0
      phase                     0
          i            -0.0883776
          p              -12.9915

                                * prob 4: ladder
                                Operating Point  Tue Dec  9 23:48:19  2025
--------------------------------------------------------------------------------
Index   v(2)            v(3)            v(4)            v_sense_i1#bran 
--------------------------------------------------------------------------------
0	5.862244e+01	2.886731e+01	7.589264e-01	8.837756e-02	

                                * prob 4: ladder
                                Operating Point  Tue Dec  9 23:48:19  2025
--------------------------------------------------------------------------------
Index   v_sense_i2#bran v_sense_i3#bran 
--------------------------------------------------------------------------------
0	2.975512e-02	2.810839e-02	


Total analysis time (seconds) = 0.00039

Total elapsed time (seconds) = 0.004 

Total DRAM available = 32768.000 MB.
DRAM currently available =  255.641 MB.
Maximum ngspice program size =    6.969 MB.
Current ngspice program size =    6.969 MB.

