
Note: No compatibility mode selected!


Circuit: * prob 4: ladder

Doing analysis at TEMP = 27.000000 and TNOM = 27.000000

Using SPARSE 1.3 as Direct Linear Solver
Warning: can't parse '2': ignored
Warning: can't parse '3': ignored
Warning: can't parse '4': ignored
Warning: can't parse 'v_sense_i1#branch': ignored
Warning: can't parse 'v_sense_i2#branch': ignored
Warning: can't parse 'v_sense_i3#branch': ignored

No. of Data Rows : 1
	Node                                  Voltage
	----                                  -------
	----	-------
	V(4)                             4.575345e-01
	V(3_sense)                       4.575345e-01
	V(3)                             2.453830e+01
	V(2_sense)                       2.453830e+01
	V(2)                             4.984610e+01
	V(1_sense)                       4.984610e+01
	V(1)                             1.250000e+02

	Source	Current
	------	-------

	v1#branch                        -7.51539e-02
	v_sense_i1#branch                7.515390e-02
	v_sense_i2#branch                2.530780e-02
	v_sense_i3#branch                2.408076e-02

 Resistor models (Simple linear resistor)
      model                     R

        rsh                     0
     narrow                     0
      short                     0
        tc1                     0
        tc2                     0
        tce                     0
       defw                 1e-05
          l                 1e-05
         kf                     0
         af                     0
          r                     0
     bv_max                 1e+99
         lf                     1
         wf                     1
         ef                     1

 Resistor: Simple linear resistor
     device                    r6                    r5                    r4
      model                     R                     R                     R
 resistance                    19                  1000                 19998
         ac                    19                  1000                 19998
      dtemp                     0                     0                     0
     bv_max                 1e+99                 1e+99                 1e+99
      noisy                     1                     1                     1
          i             0.0240808             0.0240808            0.00122704
          p             0.0110178              0.579883             0.0301094

 Resistor: Simple linear resistor
     device                    r3                    r2                    r1
      model                     R                     R                     R
 resistance                  1000                  1000                  1000
         ac                  1000                  1000                  1000
      dtemp                     0                     0                     0
     bv_max                 1e+99                 1e+99                 1e+99
      noisy                     1                     1                     1
          i             0.0253078             0.0498461             0.0751539
          p              0.640485               2.48463               5.64811

 Vsource: Independent voltage source
     device            v_sense_i3            v_sense_i2            v_sense_i1
         dc                     0                     0                     0
      acmag                     0                     0                     0
      pulse         -         -         -
        sin         -         -         -
        exp         -         -         -
        pwl         -         -         -
       sffm         -         -         -
         am         -         -         -
    trnoise         -         -         -
   trrandom         -         -         -
    portnum                     0                     0                     0
         z0                     0                     0                     0
        pwr                     0                     0                     0
       freq                     0                     0                     0
      phase                     0                     0                     0
          i             0.0240808             0.0253078             0.0751539
          p                     0                     0                     0

 Vsource: Independent voltage source
     device                    v1
         dc                   125
      acmag                     0
      pulse         -
        sin         -
        exp         -
        pwl         -
       sffm         -
         am         -
    trnoise         -
   trrandom         -
    portnum                     0
         z0                     0
        pwr                     0
       freq                     0
      phase                     0
          i            -0.0751539
          p              -9.39424

                                * prob 4: ladder
                                Operating Point  Tue Dec  9 23:48:19  2025
--------------------------------------------------------------------------------
Index   v(2)            v(3)            v(4)            v_sense_i1#bran 
--------------------------------------------------------------------------------
0	4.984610e+01	2.453830e+01	4.575345e-01	7.515390e-02	

                                * prob 4: ladder
                                Operating Point  Tue Dec  9 23:48:19  2025
--------------------------------------------------------------------------------
Index   v_sense_i2#bran v_sense_i3#bran 
--------------------------------------------------------------------------------
0	2.530780e-02	2.408076e-02	


Total analysis time (seconds) = 0.000382

Total elapsed time (seconds) = 0.004 

Total DRAM available = 32768.000 MB.
DRAM currently available =  255.641 MB.
Maximum ngspice program size =    6.875 MB.
Current ngspice program size =    6.875 MB.

