
Note: No compatibility mode selected!


Circuit: * prob 4: ladder

Doing analysis at TEMP = 27.000000 and TNOM = 27.000000

Using SPARSE 1.3 as Direct Linear Solver
Warning: can't parse '2': ignored
Warning: can't parse '3': ignored
Warning: can't parse '4': ignored
Warning: can't parse 'v_sense_i1#branch': ignored
Warning: can't parse 'v_sense_i2#branch': ignored
Warning: can't parse 'v_sense_i3#branch': ignored

No. of Data Rows : 1
	Node                                  Voltage
	----                                  -------
	----	-------
	V(4)                             3.387518e+00
	V(3_sense)                       3.387518e+00
	V(3)                             6.323558e+00
	V(2_sense)                       6.323558e+00
	V(2)                             1.204745e+01
	V(1_sense)                       1.204745e+01
	V(1)                             4.300000e+01

	Source	Current
	------	-------

	v1#branch                        -6.82225e-03
	v_sense_i1#branch                6.822251e-03
	v_sense_i2#branch                3.034936e-03
	v_sense_i3#branch                7.143648e-04

 Resistor models (Simple linear resistor)
      model                     R

        rsh                     0
     narrow                     0
      short                     0
        tc1                     0
        tc2                     0
        tce                     0
       defw                 1e-05
          l                 1e-05
         kf                     0
         af                     0
          r                     0
     bv_max                 1e+99
         lf                     1
         wf                     1
         ef                     1

 Resistor: Simple linear resistor
     device                    r6                    r5                    r4
      model                     R                     R                     R
 resistance                  4742                  4110                  2725
         ac                  4742                  4110                  2725
      dtemp                     0                     0                     0
     bv_max                 1e+99                 1e+99                 1e+99
      noisy                     1                     1                     1
          i           0.000714365           0.000714365            0.00232057
          p            0.00241992             0.0020974             0.0146743

 Resistor: Simple linear resistor
     device                    r3                    r2                    r1
      model                     R                     R                     R
 resistance                  1886                  3181                  4537
         ac                  1886                  3181                  4537
      dtemp                     0                     0                     0
     bv_max                 1e+99                 1e+99                 1e+99
      noisy                     1                     1                     1
          i            0.00303494            0.00378731            0.00682225
          p             0.0173716             0.0456275              0.211166

 Vsource: Independent voltage source
     device            v_sense_i3            v_sense_i2            v_sense_i1
         dc                     0                     0                     0
      acmag                     0                     0                     0
      pulse         -         -         -
        sin         -         -         -
        exp         -         -         -
        pwl         -         -         -
       sffm         -         -         -
         am         -         -         -
    trnoise         -         -         -
   trrandom         -         -         -
    portnum                     0                     0                     0
         z0                     0                     0                     0
        pwr                     0                     0                     0
       freq                     0                     0                     0
      phase                     0                     0                     0
          i           0.000714365            0.00303494            0.00682225
          p                     0                     0                     0

 Vsource: Independent voltage source
     device                    v1
         dc                    43
      acmag                     0
      pulse         -
        sin         -
        exp         -
        pwl         -
       sffm         -
         am         -
    trnoise         -
   trrandom         -
    portnum                     0
         z0                     0
        pwr                     0
       freq                     0
      phase                     0
          i           -0.00682225
          p             -0.293357

                                * prob 4: ladder
                                Operating Point  Tue Dec  9 23:48:19  2025
--------------------------------------------------------------------------------
Index   v(2)            v(3)            v(4)            v_sense_i1#bran 
--------------------------------------------------------------------------------
0	1.204745e+01	6.323558e+00	3.387518e+00	6.822251e-03	

                                * prob 4: ladder
                                Operating Point  Tue Dec  9 23:48:19  2025
--------------------------------------------------------------------------------
Index   v_sense_i2#bran v_sense_i3#bran 
--------------------------------------------------------------------------------
0	3.034936e-03	7.143648e-04	


Total analysis time (seconds) = 0.000398

Total elapsed time (seconds) = 0.004 

Total DRAM available = 32768.000 MB.
DRAM currently available =  255.641 MB.
Maximum ngspice program size =    7.125 MB.
Current ngspice program size =    7.125 MB.

