
Note: No compatibility mode selected!


Circuit: * prob 5: dependent

Doing analysis at TEMP = 27.000000 and TNOM = 27.000000

Using SPARSE 1.3 as Direct Linear Solver
Warning: can't parse '2': ignored
Warning: can't parse 'v_sense_i1#branch': ignored
Warning: can't parse 'v_sense_i2#branch': ignored

No. of Data Rows : 1
	Node                                  Voltage
	----                                  -------
	----	-------
	V(3_sense)                       0.000000e+00
	V(3)                             1.526917e+01
	V(2)                             3.053834e+00
	V(1_sense)                       3.053834e+00
	V(1)                             9.000000e+00

	Source	Current
	------	-------

	v1#branch                        -3.30343e-01
	v_sense_i1#branch                3.303426e-01
	v_sense_i2#branch                2.349103e-01
	e_dep#branch                     -2.34910e-01

 Resistor models (Simple linear resistor)
      model                     R

        rsh                     0
     narrow                     0
      short                     0
        tc1                     0
        tc2                     0
        tce                     0
       defw                 1e-05
          l                 1e-05
         kf                     0
         af                     0
          r                     0
     bv_max                 1e+99
         lf                     1
         wf                     1
         ef                     1

 Resistor: Simple linear resistor
     device                    r2               r_share                    r1
      model                     R                     R                     R
 resistance                    65                    32                    18
         ac                    65                    32                    18
      dtemp                     0                     0                     0
     bv_max                 1e+99                 1e+99                 1e+99
      noisy                     1                     1                     1
          i               0.23491             0.0954323              0.330343
          p               3.58688              0.291434               1.96427

 VCVS: Voltage controlled voltage source
     device                 e_dep
          i              -0.23491
          v               12.2153
          p              -2.86951

 Vsource: Independent voltage source
     device            v_sense_i2            v_sense_i1                    v1
         dc                     0                     0                     9
      acmag                     0                     0                     0
      pulse         -         -         -
        sin         -         -         -
        exp         -         -         -
        pwl         -         -         -
       sffm         -         -         -
         am         -         -         -
    trnoise         -         -         -
   trrandom         -         -         -
    portnum                     0                     0                     0
         z0                     0                     0                     0
        pwr                     0                     0                     0
       freq                     0                     0                     0
      phase                     0                     0                     0
          i               0.23491              0.330343             -0.330343
          p                     0                     0              -2.97308

                              * prob 5: dependent
                              Operating Point  Tue Dec  9 23:48:19  2025
--------------------------------------------------------------------------------
Index   v(2)            v_sense_i1#bran v_sense_i2#bran 
--------------------------------------------------------------------------------
0	3.053834e+00	3.303426e-01	2.349103e-01	


Total analysis time (seconds) = 0.000366

Total elapsed time (seconds) = 0.004 

Total DRAM available = 32768.000 MB.
DRAM currently available =  255.641 MB.
Maximum ngspice program size =    6.688 MB.
Current ngspice program size =    6.688 MB.

