
Note: No compatibility mode selected!


Circuit: * prob 2: opposing

Doing analysis at TEMP = 27.000000 and TNOM = 27.000000

Using SPARSE 1.3 as Direct Linear Solver
Warning: can't parse '2': ignored
Warning: can't parse 'v_sense_i1#branch': ignored
Warning: can't parse 'v_sense_i2#branch': ignored

No. of Data Rows : 1
	Node                                  Voltage
	----                                  -------
	----	-------
	V(3)                             7.000000e+00
	V(2_sense)                       7.000000e+00
	V(2)                             8.000000e+00
	V(1_sense)                       8.000000e+00
	V(1)                             2.800000e+01

	Source	Current
	------	-------

	v1#branch                        -5.00000e+00
	v_sense_i1#branch                5.000000e+00
	v_sense_i2#branch                1.000000e+00
	v2#branch                        1.000000e+00

 Resistor models (Simple linear resistor)
      model                     R

        rsh                     0
     narrow                     0
      short                     0
        tc1                     0
        tc2                     0
        tce                     0
       defw                 1e-05
          l                 1e-05
         kf                     0
         af                     0
          r                     0
     bv_max                 1e+99
         lf                     1
         wf                     1
         ef                     1

 Resistor: Simple linear resistor
     device                    r2               r_share                    r1
      model                     R                     R                     R
 resistance                     1                     2                     4
         ac                     1                     2                     4
      dtemp                     0                     0                     0
     bv_max                 1e+99                 1e+99                 1e+99
      noisy                     1                     1                     1
          i                     1                     4                     5
          p                     1                    32                   100

 Vsource: Independent voltage source
     device                    v2            v_sense_i2            v_sense_i1
         dc                     7                     0                     0
      acmag                     0                     0                     0
      pulse         -         -         -
        sin         -         -         -
        exp         -         -         -
        pwl         -         -         -
       sffm         -         -         -
         am         -         -         -
    trnoise         -         -         -
   trrandom         -         -         -
    portnum                     0                     0                     0
         z0                     0                     0                     0
        pwr                     0                     0                     0
       freq                     0                     0                     0
      phase                     0                     0                     0
          i                     1                     1                     5
          p                     7                     0                     0

 Vsource: Independent voltage source
     device                    v1
         dc                    28
      acmag                     0
      pulse         -
        sin         -
        exp         -
        pwl         -
       sffm         -
         am         -
    trnoise         -
   trrandom         -
    portnum                     0
         z0                     0
        pwr                     0
       freq                     0
      phase                     0
          i                    -5
          p                  -140

                               * prob 2: opposing
                               Operating Point  Tue Dec  9 23:48:19  2025
--------------------------------------------------------------------------------
Index   v(2)            v_sense_i1#bran v_sense_i2#bran 
--------------------------------------------------------------------------------
0	8.000000e+00	5.000000e+00	1.000000e+00	


Total analysis time (seconds) = 0.000363

Total elapsed time (seconds) = 0.004 

Total DRAM available = 32768.000 MB.
DRAM currently available =  255.641 MB.
Maximum ngspice program size =    6.953 MB.
Current ngspice program size =    6.953 MB.

