
Note: No compatibility mode selected!


Circuit: * prob 3: bridge

Doing analysis at TEMP = 27.000000 and TNOM = 27.000000

Using SPARSE 1.3 as Direct Linear Solver
Warning: can't parse '2': ignored
Warning: can't parse '3': ignored
Warning: can't parse 'v_sense_i1#branch': ignored

No. of Data Rows : 1
	Node                                  Voltage
	----                                  -------
	----	-------
	V(3)                             2.179094e+02
	V(2)                             1.892972e+02
	V(1)                             2.970000e+02
	V(1_src)                         2.970000e+02

	Source	Current
	------	-------

	v_src#branch                     -1.88511e+00
	v_sense_i1#branch                1.885108e+00

 Resistor models (Simple linear resistor)
      model                     R

        rsh                     0
     narrow                     0
      short                     0
        tc1                     0
        tc2                     0
        tce                     0
       defw                 1e-05
          l                 1e-05
         kf                     0
         af                     0
          r                     0
     bv_max                 1e+99
         lf                     1
         wf                     1
         ef                     1

 Resistor: Simple linear resistor
     device                  r_br                  r_rb                  r_rt
      model                     R                     R                     R
 resistance                    81                   231                    61
         ac                    81                   231                    61
      dtemp                     0                     0                     0
     bv_max                 1e+99                 1e+99                 1e+99
      noisy                     1                     1                     1
          i             -0.353237              0.943331               1.29657
          p               10.1069               205.561               102.546

 Resistor: Simple linear resistor
     device                  r_lb                  r_lt
      model                     R                     R
 resistance                   201                   183
         ac                   201                   183
      dtemp                     0                     0
     bv_max                 1e+99                 1e+99
      noisy                     1                     1
          i              0.941777               0.58854
          p               178.276               63.3874

 Vsource: Independent voltage source
     device            v_sense_i1                 v_src
         dc                     0                   297
      acmag                     0                     0
      pulse         -         -
        sin         -         -
        exp         -         -
        pwl         -         -
       sffm         -         -
         am         -         -
    trnoise         -         -
   trrandom         -         -
    portnum                     0                     0
         z0                     0                     0
        pwr                     0                     0
       freq                     0                     0
      phase                     0                     0
          i               1.88511              -1.88511
          p                     0              -559.877

                                * prob 3: bridge
                                Operating Point  Tue Dec  9 23:48:19  2025
--------------------------------------------------------------------------------
Index   v(2)            v(3)            v_sense_i1#bran 
--------------------------------------------------------------------------------
0	1.892972e+02	2.179094e+02	1.885108e+00	


Total analysis time (seconds) = 0.000381

Total elapsed time (seconds) = 0.004 

Total DRAM available = 32768.000 MB.
DRAM currently available =  255.641 MB.
Maximum ngspice program size =    6.812 MB.
Current ngspice program size =    6.812 MB.

