
Note: No compatibility mode selected!


Circuit: * prob 5: dependent

Doing analysis at TEMP = 27.000000 and TNOM = 27.000000

Using SPARSE 1.3 as Direct Linear Solver
Warning: can't parse '2': ignored
Warning: can't parse 'v_sense_i1#branch': ignored
Warning: can't parse 'v_sense_i2#branch': ignored

No. of Data Rows : 1
	Node                                  Voltage
	----                                  -------
	----	-------
	V(3_sense)                       0.000000e+00
	V(3)                             5.142857e+00
	V(2)                             8.571429e-01
	V(1_sense)                       8.571429e-01
	V(1)                             3.000000e+00

	Source	Current
	------	-------

	v1#branch                        -2.14286e-02
	v_sense_i1#branch                2.142857e-02
	v_sense_i2#branch                1.714286e-02
	e_dep#branch                     -1.71429e-02

 Resistor models (Simple linear resistor)
      model                     R

        rsh                     0
     narrow                     0
      short                     0
        tc1                     0
        tc2                     0
        tce                     0
       defw                 1e-05
          l                 1e-05
         kf                     0
         af                     0
          r                     0
     bv_max                 1e+99
         lf                     1
         wf                     1
         ef                     1

 Resistor: Simple linear resistor
     device                    r2               r_share                    r1
      model                     R                     R                     R
 resistance                   300                   200                   100
         ac                   300                   200                   100
      dtemp                     0                     0                     0
     bv_max                 1e+99                 1e+99                 1e+99
      noisy                     1                     1                     1
          i             0.0171429            0.00428571             0.0214286
          p             0.0881633            0.00367347             0.0459184

 VCVS: Voltage controlled voltage source
     device                 e_dep
          i            -0.0171429
          v               4.28571
          p            -0.0734694

 Vsource: Independent voltage source
     device            v_sense_i2            v_sense_i1                    v1
         dc                     0                     0                     3
      acmag                     0                     0                     0
      pulse         -         -         -
        sin         -         -         -
        exp         -         -         -
        pwl         -         -         -
       sffm         -         -         -
         am         -         -         -
    trnoise         -         -         -
   trrandom         -         -         -
    portnum                     0                     0                     0
         z0                     0                     0                     0
        pwr                     0                     0                     0
       freq                     0                     0                     0
      phase                     0                     0                     0
          i             0.0171429             0.0214286            -0.0214286
          p                     0                     0            -0.0642857

                              * prob 5: dependent
                              Operating Point  Tue Dec  9 23:48:19  2025
--------------------------------------------------------------------------------
Index   v(2)            v_sense_i1#bran v_sense_i2#bran 
--------------------------------------------------------------------------------
0	8.571429e-01	2.142857e-02	1.714286e-02	


Total analysis time (seconds) = 0.000379

Total elapsed time (seconds) = 0.004 

Total DRAM available = 32768.000 MB.
DRAM currently available =  255.641 MB.
Maximum ngspice program size =    6.984 MB.
Current ngspice program size =    6.984 MB.

