
Note: No compatibility mode selected!


Circuit: * prob 1: supermesh

Doing analysis at TEMP = 27.000000 and TNOM = 27.000000

Using SPARSE 1.3 as Direct Linear Solver
Warning: can't parse '2': ignored
Warning: can't parse '3': ignored
Warning: can't parse 'v_sense_i1#branch': ignored
Warning: can't parse 'v_sense_i2#branch': ignored
Warning: can't parse 'v_sense_i3#branch': ignored

No. of Data Rows : 1
	Node                                  Voltage
	----                                  -------
	----	-------
	V(4)                             3.500000e+01
	V(3_sense)                       3.500000e+01
	V(3)                             3.630000e+01
	V(2_sense)                       3.630000e+01
	V(2)                             8.075000e+01
	V(1_sense)                       8.075000e+01
	V(1)                             9.500000e+01

	Source	Current
	------	-------

	v1#branch                        -2.85000e-03
	v_sense_i2#branch                6.350000e-03
	v_sense_i3#branch                6.500000e-04
	v2#branch                        6.500000e-04
	v_sense_i1#branch                2.850000e-03

 Resistor models (Simple linear resistor)
      model                     R

        rsh                     0
     narrow                     0
      short                     0
        tc1                     0
        tc2                     0
        tce                     0
       defw                 1e-05
          l                 1e-05
         kf                     0
         af                     0
          r                     0
     bv_max                 1e+99
         lf                     1
         wf                     1
         ef                     1

 CCCS: Current controlled current source
     device                 f_dep
          m                     0
          i                0.0057
          v                  36.3
          p               0.20691

 Isource: Independent current source
     device              i_source
         dc                0.0035
          m                     1
      acmag                     0
      pulse         -
        sin         -
        exp         -
        pwl         -
       sffm         -
         am         -
    trnoise         -
   trrandom         -
          v                 80.75
          p             -0.282625
    current                0.0035

 Resistor: Simple linear resistor
     device                    r3                    r2                    r1
      model                     R                     R                     R
 resistance                  2000                  7000                  5000
         ac                  2000                  7000                  5000
      dtemp                     0                     0                     0
     bv_max                 1e+99                 1e+99                 1e+99
      noisy                     1                     1                     1
          i               0.00065               0.00635               0.00285
          p              0.000845              0.282258             0.0406125

 Vsource: Independent voltage source
     device                    v2            v_sense_i3            v_sense_i2
         dc                    35                     0                     0
      acmag                     0                     0                     0
      pulse         -         -         -
        sin         -         -         -
        exp         -         -         -
        pwl         -         -         -
       sffm         -         -         -
         am         -         -         -
    trnoise         -         -         -
   trrandom         -         -         -
    portnum                     0                     0                     0
         z0                     0                     0                     0
        pwr                     0                     0                     0
       freq                     0                     0                     0
      phase                     0                     0                     0
          i               0.00065               0.00065               0.00635
          p               0.02275                     0                     0

 Vsource: Independent voltage source
     device            v_sense_i1                    v1
         dc                     0                    95
      acmag                     0                     0
      pulse         -         -
        sin         -         -
        exp         -         -
        pwl         -         -
       sffm         -         -
         am         -         -
    trnoise         -         -
   trrandom         -         -
    portnum                     0                     0
         z0                     0                     0
        pwr                     0                     0
       freq                     0                     0
      phase                     0                     0
          i               0.00285              -0.00285
          p                     0              -0.27075

                              * prob 1: supermesh
                              Operating Point  Tue Dec  9 23:48:19  2025
--------------------------------------------------------------------------------
Index   v(2)            v(3)            v_sense_i1#bran v_sense_i2#bran 
--------------------------------------------------------------------------------
0	8.075000e+01	3.630000e+01	2.850000e-03	6.350000e-03	

                              * prob 1: supermesh
                              Operating Point  Tue Dec  9 23:48:19  2025
--------------------------------------------------------------------------------
Index   v_sense_i3#bran 
--------------------------------------------------------------------------------
0	6.500000e-04	


Total analysis time (seconds) = 0.000456

Total elapsed time (seconds) = 0.004 

Total DRAM available = 32768.000 MB.
DRAM currently available =  255.641 MB.
Maximum ngspice program size =    6.703 MB.
Current ngspice program size =    6.703 MB.

