
Note: No compatibility mode selected!


Circuit: * prob 3: bridge

Doing analysis at TEMP = 27.000000 and TNOM = 27.000000

Using SPARSE 1.3 as Direct Linear Solver
Warning: can't parse '2': ignored
Warning: can't parse '3': ignored
Warning: can't parse 'v_sense_i1#branch': ignored

No. of Data Rows : 1
	Node                                  Voltage
	----                                  -------
	----	-------
	V(3)                             8.185933e+01
	V(2)                             7.343805e+01
	V(1)                             1.000000e+02
	V(1_src)                         1.000000e+02

	Source	Current
	------	-------

	v_src#branch                     -5.97125e-01
	v_sense_i1#branch                5.971254e-01

 Resistor models (Simple linear resistor)
      model                     R

        rsh                     0
     narrow                     0
      short                     0
        tc1                     0
        tc2                     0
        tce                     0
       defw                 1e-05
          l                 1e-05
         kf                     0
         af                     0
          r                     0
     bv_max                 1e+99
         lf                     1
         wf                     1
         ef                     1

 Resistor: Simple linear resistor
     device                  r_br                  r_rb                  r_rt
      model                     R                     R                     R
 resistance                   131                   248                    46
         ac                   131                   248                    46
      dtemp                     0                     0                     0
     bv_max                 1e+99                 1e+99                 1e+99
      noisy                     1                     1                     1
          i            -0.0642845              0.330078              0.394362
          p              0.541358                 27.02                 7.154

 Resistor: Simple linear resistor
     device                  r_lb                  r_lt
      model                     R                     R
 resistance                   275                   131
         ac                   275                   131
      dtemp                     0                     0
     bv_max                 1e+99                 1e+99
      noisy                     1                     1
          i              0.267047              0.202763
          p               19.6114               5.38578

 Vsource: Independent voltage source
     device            v_sense_i1                 v_src
         dc                     0                   100
      acmag                     0                     0
      pulse         -         -
        sin         -         -
        exp         -         -
        pwl         -         -
       sffm         -         -
         am         -         -
    trnoise         -         -
   trrandom         -         -
    portnum                     0                     0
         z0                     0                     0
        pwr                     0                     0
       freq                     0                     0
      phase                     0                     0
          i              0.597125             -0.597125
          p                     0              -59.7125

                                * prob 3: bridge
                                Operating Point  Tue Dec  9 23:48:19  2025
--------------------------------------------------------------------------------
Index   v(2)            v(3)            v_sense_i1#bran 
--------------------------------------------------------------------------------
0	7.343805e+01	8.185933e+01	5.971254e-01	


Total analysis time (seconds) = 0.000558

Total elapsed time (seconds) = 0.005 

Total DRAM available = 32768.000 MB.
DRAM currently available =  255.641 MB.
Maximum ngspice program size =    7.047 MB.
Current ngspice program size =    7.047 MB.

