
Note: No compatibility mode selected!


Circuit: * prob 3: bridge

Doing analysis at TEMP = 27.000000 and TNOM = 27.000000

Using SPARSE 1.3 as Direct Linear Solver
Warning: can't parse '2': ignored
Warning: can't parse '3': ignored
Warning: can't parse 'v_sense_i1#branch': ignored

No. of Data Rows : 1
	Node                                  Voltage
	----                                  -------
	----	-------
	V(3)                             1.619754e+02
	V(2)                             1.522458e+02
	V(1)                             2.020000e+02
	V(1_src)                         2.020000e+02

	Source	Current
	------	-------

	v_src#branch                     -1.01224e+00
	v_sense_i1#branch                1.012237e+00

 Resistor models (Simple linear resistor)
      model                     R

        rsh                     0
     narrow                     0
      short                     0
        tc1                     0
        tc2                     0
        tce                     0
       defw                 1e-05
          l                 1e-05
         kf                     0
         af                     0
          r                     0
     bv_max                 1e+99
         lf                     1
         wf                     1
         ef                     1

 Resistor: Simple linear resistor
     device                  r_br                  r_rb                  r_rt
      model                     R                     R                     R
 resistance                   130                   289                    63
         ac                   130                   289                    63
      dtemp                     0                     0                     0
     bv_max                 1e+99                 1e+99                 1e+99
      noisy                     1                     1                     1
          i            -0.0748427              0.560468              0.635311
          p              0.728186               90.7821               25.4281

 Resistor: Simple linear resistor
     device                  r_lb                  r_lt
      model                     R                     R
 resistance                   337                   132
         ac                   337                   132
      dtemp                     0                     0
     bv_max                 1e+99                 1e+99
      noisy                     1                     1
          i              0.451768              0.376925
          p               68.7798               18.7536

 Vsource: Independent voltage source
     device            v_sense_i1                 v_src
         dc                     0                   202
      acmag                     0                     0
      pulse         -         -
        sin         -         -
        exp         -         -
        pwl         -         -
       sffm         -         -
         am         -         -
    trnoise         -         -
   trrandom         -         -
    portnum                     0                     0
         z0                     0                     0
        pwr                     0                     0
       freq                     0                     0
      phase                     0                     0
          i               1.01224              -1.01224
          p                     0              -204.472

                                * prob 3: bridge
                                Operating Point  Tue Dec  9 23:48:19  2025
--------------------------------------------------------------------------------
Index   v(2)            v(3)            v_sense_i1#bran 
--------------------------------------------------------------------------------
0	1.522458e+02	1.619754e+02	1.012237e+00	


Total analysis time (seconds) = 0.000393

Total elapsed time (seconds) = 0.004 

Total DRAM available = 32768.000 MB.
DRAM currently available =  255.641 MB.
Maximum ngspice program size =    6.812 MB.
Current ngspice program size =    6.812 MB.

