
Note: No compatibility mode selected!


Circuit: * prob 1: supermesh

Doing analysis at TEMP = 27.000000 and TNOM = 27.000000

Using SPARSE 1.3 as Direct Linear Solver
Warning: can't parse '2': ignored
Warning: can't parse '3': ignored
Warning: can't parse 'v_sense_i1#branch': ignored
Warning: can't parse 'v_sense_i2#branch': ignored
Warning: can't parse 'v_sense_i3#branch': ignored

No. of Data Rows : 1
	Node                                  Voltage
	----                                  -------
	----	-------
	V(4)                             4.400000e+01
	V(3_sense)                       4.400000e+01
	V(3)                             2.076923e+01
	V(2_sense)                       2.076923e+01
	V(2)                             1.969231e+02
	V(1_sense)                       1.969231e+02
	V(1)                             2.700000e+02

	Source	Current
	------	-------

	v1#branch                        -1.46154e+01
	v_sense_i2#branch                1.761538e+01
	v_sense_i3#branch                -1.16154e+01
	v2#branch                        -1.16154e+01
	v_sense_i1#branch                1.461538e+01

 Resistor models (Simple linear resistor)
      model                     R

        rsh                     0
     narrow                     0
      short                     0
        tc1                     0
        tc2                     0
        tce                     0
       defw                 1e-05
          l                 1e-05
         kf                     0
         af                     0
          r                     0
     bv_max                 1e+99
         lf                     1
         wf                     1
         ef                     1

 CCCS: Current controlled current source
     device                 f_dep
          m                     0
          i               29.2308
          v               20.7692
          p               607.101

 Isource: Independent current source
     device              i_source
         dc                     3
          m                     1
      acmag                     0
      pulse         -
        sin         -
        exp         -
        pwl         -
       sffm         -
         am         -
    trnoise         -
   trrandom         -
          v               196.923
          p              -590.769
    current                     3

 Resistor: Simple linear resistor
     device                    r3                    r2                    r1
      model                     R                     R                     R
 resistance                     2                    10                     5
         ac                     2                    10                     5
      dtemp                     0                     0                     0
     bv_max                 1e+99                 1e+99                 1e+99
      noisy                     1                     1                     1
          i              -11.6154               17.6154               14.6154
          p               269.834               3103.02               1068.05

 Vsource: Independent voltage source
     device                    v2            v_sense_i3            v_sense_i2
         dc                    44                     0                     0
      acmag                     0                     0                     0
      pulse         -         -         -
        sin         -         -         -
        exp         -         -         -
        pwl         -         -         -
       sffm         -         -         -
         am         -         -         -
    trnoise         -         -         -
   trrandom         -         -         -
    portnum                     0                     0                     0
         z0                     0                     0                     0
        pwr                     0                     0                     0
       freq                     0                     0                     0
      phase                     0                     0                     0
          i              -11.6154              -11.6154               17.6154
          p              -511.077                    -0                     0

 Vsource: Independent voltage source
     device            v_sense_i1                    v1
         dc                     0                   270
      acmag                     0                     0
      pulse         -         -
        sin         -         -
        exp         -         -
        pwl         -         -
       sffm         -         -
         am         -         -
    trnoise         -         -
   trrandom         -         -
    portnum                     0                     0
         z0                     0                     0
        pwr                     0                     0
       freq                     0                     0
      phase                     0                     0
          i               14.6154              -14.6154
          p                     0              -3946.15

                              * prob 1: supermesh
                              Operating Point  Tue Dec  9 23:48:19  2025
--------------------------------------------------------------------------------
Index   v(2)            v(3)            v_sense_i1#bran v_sense_i2#bran 
--------------------------------------------------------------------------------
0	1.969231e+02	2.076923e+01	1.461538e+01	1.761538e+01	

                              * prob 1: supermesh
                              Operating Point  Tue Dec  9 23:48:19  2025
--------------------------------------------------------------------------------
Index   v_sense_i3#bran 
--------------------------------------------------------------------------------
0	-1.16154e+01	


Total analysis time (seconds) = 0.000363

Total elapsed time (seconds) = 0.004 

Total DRAM available = 32768.000 MB.
DRAM currently available =  255.641 MB.
Maximum ngspice program size =    6.969 MB.
Current ngspice program size =    6.969 MB.

