
Note: No compatibility mode selected!


Circuit: * prob 2: opposing

Doing analysis at TEMP = 27.000000 and TNOM = 27.000000

Using SPARSE 1.3 as Direct Linear Solver
Warning: can't parse '2': ignored
Warning: can't parse 'v_sense_i1#branch': ignored
Warning: can't parse 'v_sense_i2#branch': ignored

No. of Data Rows : 1
	Node                                  Voltage
	----                                  -------
	----	-------
	V(3)                             6.200000e+01
	V(2_sense)                       6.200000e+01
	V(2)                             3.012500e+01
	V(1_sense)                       3.012500e+01
	V(1)                             2.400000e+01

	Source	Current
	------	-------

	v1#branch                        8.750000e-01
	v_sense_i1#branch                -8.75000e-01
	v_sense_i2#branch                -1.59375e+01
	v2#branch                        -1.59375e+01

 Resistor models (Simple linear resistor)
      model                     R

        rsh                     0
     narrow                     0
      short                     0
        tc1                     0
        tc2                     0
        tce                     0
       defw                 1e-05
          l                 1e-05
         kf                     0
         af                     0
          r                     0
     bv_max                 1e+99
         lf                     1
         wf                     1
         ef                     1

 Resistor: Simple linear resistor
     device                    r2               r_share                    r1
      model                     R                     R                     R
 resistance                     2                     2                     7
         ac                     2                     2                     7
      dtemp                     0                     0                     0
     bv_max                 1e+99                 1e+99                 1e+99
      noisy                     1                     1                     1
          i              -15.9375               15.0625                -0.875
          p               508.008               453.758               5.35938

 Vsource: Independent voltage source
     device                    v2            v_sense_i2            v_sense_i1
         dc                    62                     0                     0
      acmag                     0                     0                     0
      pulse         -         -         -
        sin         -         -         -
        exp         -         -         -
        pwl         -         -         -
       sffm         -         -         -
         am         -         -         -
    trnoise         -         -         -
   trrandom         -         -         -
    portnum                     0                     0                     0
         z0                     0                     0                     0
        pwr                     0                     0                     0
       freq                     0                     0                     0
      phase                     0                     0                     0
          i              -15.9375              -15.9375                -0.875
          p              -988.125                    -0                    -0

 Vsource: Independent voltage source
     device                    v1
         dc                    24
      acmag                     0
      pulse         -
        sin         -
        exp         -
        pwl         -
       sffm         -
         am         -
    trnoise         -
   trrandom         -
    portnum                     0
         z0                     0
        pwr                     0
       freq                     0
      phase                     0
          i                 0.875
          p                    21

                               * prob 2: opposing
                               Operating Point  Tue Dec  9 23:48:19  2025
--------------------------------------------------------------------------------
Index   v(2)            v_sense_i1#bran v_sense_i2#bran 
--------------------------------------------------------------------------------
0	3.012500e+01	-8.75000e-01	-1.59375e+01	


Total analysis time (seconds) = 0.0004

Total elapsed time (seconds) = 0.004 

Total DRAM available = 32768.000 MB.
DRAM currently available =  255.641 MB.
Maximum ngspice program size =    6.953 MB.
Current ngspice program size =    6.953 MB.

